Versi├│n de MSBuild 17.8.0-preview-23418-03+0125fc9fb para .NET
  Determinando los proyectos que se van a restaurar...
  Todos los proyectos est├ín actualizados para la restauraci├│n.
C:\Program Files\dotnet\sdk\8.0.100-rc.1.23463.5\Sdks\Microsoft.NET.Sdk\targets\Microsoft.NET.RuntimeIdentifierInference.targets(311,5): message NETSDK1057: Est├í usando una versi├│n preliminar de .NET. Visite: https://aka.ms/dotnet-support-policy [C:\Users\Acer\Desktop\M3-9 PF UF4 - copia\PokeDexWeb\PokeDexWeb.csproj]
  PokeDexWeb -> C:\Users\Acer\Desktop\M3-9 PF UF4 - copia\PokeDexWeb\bin\Debug\net8.0\PokeDexWeb.dll

Compilaci├│n correcta.
    0 Advertencia(s)
    0 Errores

Tiempo transcurrido 00:00:02.20
